// Vitest Snapshot v1, https://vitest.dev/guide/snapshot.html

exports[`Should match snapshot 1`] = `
{
  "asFragment": [Function],
  "baseElement": <body>
    <div>
      <div>
        <h2>
          pandyandy
          's Collection
        </h2>
        <div>
          <div>
            <h3>
              Dixit
            </h3>
          </div>
          <div>
            <h3>
              Dixit: Journey
            </h3>
          </div>
          <div>
            <h3>
              Forbidden Island
            </h3>
          </div>
          <div>
            <h3>
              Pandemic
            </h3>
          </div>
          <div>
            <h3>
              The Resistance
            </h3>
          </div>
          <div>
            <h3>
              Skull
            </h3>
          </div>
          <div>
            <h3>
              Tsuro of the Seas
            </h3>
          </div>
        </div>
      </div>
    </div>
  </body>,
  "container": <div>
    <div>
      <h2>
        pandyandy
        's Collection
      </h2>
      <div>
        <div>
          <h3>
            Dixit
          </h3>
        </div>
        <div>
          <h3>
            Dixit: Journey
          </h3>
        </div>
        <div>
          <h3>
            Forbidden Island
          </h3>
        </div>
        <div>
          <h3>
            Pandemic
          </h3>
        </div>
        <div>
          <h3>
            The Resistance
          </h3>
        </div>
        <div>
          <h3>
            Skull
          </h3>
        </div>
        <div>
          <h3>
            Tsuro of the Seas
          </h3>
        </div>
      </div>
    </div>
  </div>,
  "debug": [Function],
  "findAllByAltText": [Function],
  "findAllByDisplayValue": [Function],
  "findAllByLabelText": [Function],
  "findAllByPlaceholderText": [Function],
  "findAllByRole": [Function],
  "findAllByTestId": [Function],
  "findAllByText": [Function],
  "findAllByTitle": [Function],
  "findByAltText": [Function],
  "findByDisplayValue": [Function],
  "findByLabelText": [Function],
  "findByPlaceholderText": [Function],
  "findByRole": [Function],
  "findByTestId": [Function],
  "findByText": [Function],
  "findByTitle": [Function],
  "getAllByAltText": [Function],
  "getAllByDisplayValue": [Function],
  "getAllByLabelText": [Function],
  "getAllByPlaceholderText": [Function],
  "getAllByRole": [Function],
  "getAllByTestId": [Function],
  "getAllByText": [Function],
  "getAllByTitle": [Function],
  "getByAltText": [Function],
  "getByDisplayValue": [Function],
  "getByLabelText": [Function],
  "getByPlaceholderText": [Function],
  "getByRole": [Function],
  "getByTestId": [Function],
  "getByText": [Function],
  "getByTitle": [Function],
  "queryAllByAltText": [Function],
  "queryAllByDisplayValue": [Function],
  "queryAllByLabelText": [Function],
  "queryAllByPlaceholderText": [Function],
  "queryAllByRole": [Function],
  "queryAllByTestId": [Function],
  "queryAllByText": [Function],
  "queryAllByTitle": [Function],
  "queryByAltText": [Function],
  "queryByDisplayValue": [Function],
  "queryByLabelText": [Function],
  "queryByPlaceholderText": [Function],
  "queryByRole": [Function],
  "queryByTestId": [Function],
  "queryByText": [Function],
  "queryByTitle": [Function],
  "rerender": [Function],
  "unmount": [Function],
}
`;
